<testsuites name="results">
  <testsuite name="all" package="all">
    <property name="random_seed" value="1780538195" />
    <testcase name="test_reset" classname="tb_snake_top" file="/foss/designs/snake_project/tb/tb_snake_top.py" lineno="5" time="0.0021200180053710938" sim_time_ns="380.001" ratio_time="179244.23237786774" />
    <testcase name="test_direcciones" classname="tb_snake_top" file="/foss/designs/snake_project/tb/tb_snake_top.py" lineno="23" time="0.003488779067993164" sim_time_ns="800.001" ratio_time="229306.86764873913" />
  </testsuite>
</testsuites>
